0 DIMS$(76):S$="g5}<|<8pf-?<><????xPp`px????????????? ????????||888?????JIII)-62''''''''''?A":Q=ADR(S$):R=PEEK(106) 
1 POKE106,R-8:GR.1:POKE106,R:CLS:POKE54279,R-4:POKE559,46:DP.53256,257:DP.53258,257:POKE53277,3:DP.708,$12C4:P=(R-4)*256
2 W=53248:DP.W,$6868:DP.W+2,$7888:DP.704,$850A:DP.706,$1D85:M.Q+64,DPEEK(560)+7,12:M.57344,(R-8)*256,1024:POKE756,R-8
3 M.Q+56,(R-8)*256+264,8:?#6;"NUTS!","HI:";J:?#6;"SCORE:":F.X=0TO10:?#6;" aaaaaa      aaaaaa":N.X:F=1:S=16:H=104:B=1:E=0
4 D=12:G=16:K=0:Z=1:DO:POKE53278,1:A=2*STRIG(0):IFF=0:F=PTRIG(0)-PTRIG(1):END.:IFA=0:-M.P+664,P+666,78:-M.P+792,P+794,78
5 SO.1,0,Z,2:Z=Z=0:K=K+1:S=S-4:IFS<0:S=15:END.:IFB:D=D-2:M.Q+22-B*6+D,P+728-64*B,2:B=B*(D>0):EL.:B=(RND>(1-L))-(RND<L)
6 D=12:L=K/5E3:END.:END.:IFE:G=G-4+A:M.Q+40+G,P+920,4-A:E=G>0:EL.:G=16:E=(2-A)*(RND>.9):END.:-M.P+920,P+924-A,78:IFF=-1
7 IFH=104:F=0:EL.:H=H-8:M.Q,P+589,8:END.:END.:IFF=1:IFH=136:F=0:EL.:H=H+8:M.Q+8,P+589,8:END.:END.:POKEW,H:SO.0,0,0,0
8 X=PEEK(53260):SO.1,0,0,0:IFX&8:SO.0,50,10,15:K=K+KDIV5:-M.P,P+964,28:ELSE:IFX&6:EXIT:END.:END.:POS.6,1:?#6;K;
9 SO.2,H,10+(F=0),6:REP.:U.PEEK(54283)>93:POKE54277,S:LOOP:IFK>J:J=K:END.:SO.2,0,0,0:G.1

900 REM NUTS! by jeff.piepmeier@gmail.com
901 REM Written FEBRUARY 27 2016
902 REM for the 2016 NOMAM 10-line
903 REM programming contest
904 REM Program notes at
905 REM jeffpiepmeier.blogspot.com
906 REM github.com/jeffpiep
